# serializer version: 1
# name: test_command_help_matches_snapshot[agent]
  '''
  
   Usage: assembly agent [OPTIONS] [SOURCE]
  
   Have a live two-way voice conversation with an AssemblyAI voice agent.
  
   Use headphones: the mic stays open while the agent speaks, so on
   speakers it would hear itself and loop. Pass an audio file/URL (or
   --sample) to speak a recorded clip to the agent instead of the
   microphone; the session then ends after the agent's reply.
  
   This only runs a conversation in the terminal — it writes no code. To
   build a voice agent app, run 'assembly init voice-agent' instead.
  
  ╭─ Arguments ──────────────────────────────────────────────────────────────────╮
  │   source      [SOURCE]  Audio file path or URL to speak to the agent. Omit   │
  │                         to use the microphone.                               │
  ╰──────────────────────────────────────────────────────────────────────────────╯
  ╭─ Options ────────────────────────────────────────────────────────────────────╮
  │ --sample                                   Speak the hosted wildfires.mp3    │
  │                                            sample to the agent.              │
  │ --voice                       TEXT         Agent voice. See --list-voices.   │
  │                                            [default: ivy]                    │
  │ --system-prompt               TEXT         System prompt (the agent's        │
  │                                            persona).                         │
  │                                            [default: You are a friendly      │
  │                                            voice assistant having a casual   │
  │                                            conversation. Keep replies short  │
  │                                            and natural, usually one or two   │
  │                                            sentences. Speak the way a person │
  │                                            would in real conversation:       │
  │                                            relaxed, low-key, no exclamation  │
  │                                            marks.]                           │
  │ --system-prompt-file          FILE         Read the system prompt from a     │
  │                                            file (overrides --system-prompt). │
  │ --greeting                    TEXT         Spoken greeting.                  │
  │                                            [default: Hey, what's on your     │
  │                                            mind?]                            │
  │ --device                      INTEGER      Microphone device index.          │
  │ --list-voices                              Print known voices and exit.      │
  │ --json                -j                   Emit newline-delimited JSON       │
  │                                            events.                           │
  │ --output              -o      [text|json]  Output mode: text (you:/agent:    │
  │                                            lines as plain stdout,            │
  │                                            pipe-friendly) or json.           │
  │ --show-code                                Print the equivalent Python SDK   │
  │                                            code and exit (does not start a   │
  │                                            session).                         │
  │ --help                                     Show this message and exit.       │
  ╰──────────────────────────────────────────────────────────────────────────────╯
  
   Examples
   Start a live voice conversation
   $ assembly agent
   Pick a voice and opening line
   $ assembly agent --voice james --greeting "Hi there"
   Give the agent a persona
   $ assembly agent --system-prompt "You are a terse pirate."
   See available voices
   $ assembly agent --list-voices
   Print equivalent Python instead of running
   $ assembly agent --show-code
  
  
  
  '''
# ---
# name: test_command_help_matches_snapshot[clip]
  '''
  
   Usage: assembly clip [OPTIONS] MEDIA
  
   Cut clips out of a media file by speaker, text match, LLM pick, or time range.
  
   --speaker and --search select from a diarized transcript (made on the fly,
   or reused with --transcript-id); --llm has an LLM Gateway model pick the
   windows; --range adds explicit ones. Overlapping selections merge, and each
   surviving segment is written as <name>.clipNN<ext> using ffmpeg (which must
   be installed). A YouTube/media-page source is downloaded first; its clips
   land in --out-dir or the current directory.
  
  ╭─ Arguments ──────────────────────────────────────────────────────────────────╮
  │ *    media      TEXT  Audio/video to cut clips from: a local file, or a      │
  │                       YouTube/media-page URL (audio downloaded via yt-dlp).  │
  │                       [required]                                             │
  ╰──────────────────────────────────────────────────────────────────────────────╯
  ╭─ Options ────────────────────────────────────────────────────────────────────╮
  │ --transcript-id  -t      TEXT                  Reuse an existing transcript  │
  │                                                of this media instead of      │
  │                                                transcribing it again: an id, │
  │                                                or '-' to read an id or       │
  │                                                'transcribe --json' output    │
  │                                                from stdin.                   │
  │ --speaker                TEXT                  Keep segments spoken by this  │
  │                                                diarized speaker label        │
  │                                                (repeatable, e.g. --speaker   │
  │                                                A).                           │
  │ --search                 TEXT                  Keep segments whose text      │
  │                                                contains this                 │
  │                                                (case-insensitive).           │
  │ --range                  TEXT                  Keep an explicit START-END    │
  │                                                window (seconds or            │
  │                                                [HH:]MM:SS; repeatable).      │
  │ --padding                FLOAT RANGE [x>=0.0]  Seconds of padding to add     │
  │                                                around each clip.             │
  │                                                [default: 0.0]                │
  │ --out-dir                PATH                  Directory for the clip files  │
  │                                                (default: next to the input). │
  │ --json           -j                            Emit JSON describing the      │
  │                                                clips written.                │
  │ --help                                         Show this message and exit.   │
  ╰──────────────────────────────────────────────────────────────────────────────╯
  ╭─ LLM Transform ──────────────────────────────────────────────────────────────╮
  │ --llm               TEXT     Let an LLM Gateway model pick the windows to    │
  │                              clip from the timestamped transcript (e.g.      │
  │                              --llm "the funniest moments"). Composes with    │
  │                              --speaker/--search.                             │
  │ --model             TEXT     LLM Gateway model for --llm.                    │
  │                              [default: claude-haiku-4-5-20251001]            │
  │ --max-tokens        INTEGER  Max tokens for the --llm selection reply.       │
  │                              [default: 1000]                                 │
  ╰──────────────────────────────────────────────────────────────────────────────╯
  
   Examples
   Clip everything speaker A says
   $ assembly clip meeting.mp4 --speaker A
   Clip the sentences that mention a topic
   $ assembly clip call.mp3 --search "pricing"
   Cut an explicit time range
   $ assembly clip talk.mp4 --range 1:30-2:45
   Let an LLM pick the moments worth clipping
   $ assembly clip meeting.mp4 --llm "the three strongest customer objections"
   Clip a YouTube video's audio with an LLM
   $ assembly clip "https://youtube.com/watch?v=ID" --llm "the best quote"
   Reuse a finished transcript instead of re-transcribing
   $ assembly clip meeting.mp4 -t TRANSCRIPT_ID --speaker B
   Pipe transcribe straight into clip
   $ assembly transcribe meeting.mp4 --speaker-labels --json | assembly clip
   meeting.mp4 -t - --llm "the funniest exchange"
   Pad each clip and collect them in a directory
   $ assembly clip meeting.mp4 --speaker A --padding 0.5 --out-dir clips
  
  
  
  '''
# ---
# name: test_command_help_matches_snapshot[dub]
  '''
  
   Usage: assembly dub [OPTIONS] MEDIA
  
   Dub a video or audio file into another language (sandbox only).
  
   The whole platform in one command: the media is transcribed with diarized
   utterance timestamps, each utterance is translated by an LLM Gateway model,
   the translations are synthesized with streaming TTS (one voice per
   speaker), and ffmpeg lays the new audio over the original — video copied
   untouched. Streaming TTS only exists in the sandbox today — run it as
   'assembly --sandbox dub' (--sandbox goes before the subcommand). Requires
   ffmpeg.
  
  ╭─ Arguments ──────────────────────────────────────────────────────────────────╮
  │ *    media      TEXT  Local audio/video file to dub (the video stream is     │
  │                       copied untouched).                                     │
  │                       [required]                                             │
  ╰──────────────────────────────────────────────────────────────────────────────╯
  ╭─ Options ────────────────────────────────────────────────────────────────────╮
  │ *  --lang           -l      TEXT  Target language: an ISO code (de, fr, es,  │
  │                                   …) or a language name (German).            │
  │                                   [required]                                 │
  │    --transcript-id  -t      TEXT  Reuse an existing diarized transcript of   │
  │                                   this media instead of transcribing it      │
  │                                   again.                                     │
  │    --voice                  TEXT  Voice id for every speaker (e.g. jane,     │
  │                                   michael, paul), or SPEAKER=VOICE to pin a  │
  │                                   diarized speaker (repeatable, e.g. --voice │
  │                                   A=jane).                                   │
  │    --out                    PATH  Output file (default:                      │
  │                                   <name>.dub.<lang><ext> next to the input). │
  │    --json           -j            Emit JSON describing the dubbed file.      │
  │    --help                         Show this message and exit.                │
  ╰──────────────────────────────────────────────────────────────────────────────╯
  ╭─ LLM Transform ──────────────────────────────────────────────────────────────╮
  │ --model             TEXT     LLM Gateway model that translates the           │
  │                              utterances.                                     │
  │                              [default: claude-haiku-4-5-20251001]            │
  │ --max-tokens        INTEGER  Max tokens per utterance translation.           │
  │                              [default: 1000]                                 │
  ╰──────────────────────────────────────────────────────────────────────────────╯
  
   Examples
   Dub a talk into German (sandbox only)
   $ assembly --sandbox dub talk.mp4 --lang de
   Use a language name instead of a code
   $ assembly --sandbox dub talk.mp4 -l Spanish
   Dub every speaker with one voice
   $ assembly --sandbox dub talk.mp4 -l fr --voice paul
   Pin a voice per diarized speaker
   $ assembly --sandbox dub panel.mp4 -l de --voice A=jane --voice B=paul
   Reuse a finished transcript instead of re-transcribing
   $ assembly --sandbox dub talk.mp4 -l de -t TRANSCRIPT_ID
   Choose the output file
   $ assembly --sandbox dub talk.mp4 -l de --out talk-german.mp4
  
  
  
  '''
# ---
# name: test_command_help_matches_snapshot[eval]
  '''
  
   Usage: assembly eval [OPTIONS] DATASET
  
   Transcribe an evaluation dataset and score WER against its reference texts.
  
   Each row's audio is transcribed, then scored against the row's reference
   text; both are normalized first (lowercased, punctuation stripped) so style
   differences don't count as errors, and the summary pools total errors over
   total reference words. Handy for picking a model: run once per
   --speech-model and compare.
  
   Datasets come from the Hugging Face Hub (any public dataset its viewer
   serves with audio + reference columns; gated ones need HF_TOKEN), a local
   .csv/.jsonl manifest with audio + text columns, or a built-in benchmark
   alias that fills in the right hub id, subset, split, and columns:
   librispeech / librispeech-other (read English), tedlium (TED talks),
   earnings22 (earnings calls), spgispeech (financial calls), ami / ami-sdm
   (meetings), gigaspeech, peoples (real-world US English), commonvoice
   (English; --subset fr etc. for its 98 other locales), voxpopuli
   (parliament speech), switchboard (phone calls), expresso (expressive
   speech), loquacious, and callhome (phone calls).
  
  ╭─ Arguments ──────────────────────────────────────────────────────────────────╮
  │ *    dataset      TEXT  Hugging Face dataset id, or a local .csv/.jsonl      │
  │                         manifest with audio + text columns.                  │
  │                         [required]                                           │
  ╰──────────────────────────────────────────────────────────────────────────────╯
  ╭─ Options ────────────────────────────────────────────────────────────────────╮
  │ --split                  TEXT                      Hugging Face split to     │
  │                                                    score (default: test).    │
  │ --subset                 TEXT                      Hugging Face              │
  │                                                    config/subset name (e.g.  │
  │                                                    a language).              │
  │ --limit                  INTEGER RANGE             Rows to evaluate (1-100). │
  │                          [1<=x<=100]               [default: 10]             │
  │ --audio-column           TEXT                      Audio column name         │
  │                                                    (default: auto-detect).   │
  │ --text-column            TEXT                      Reference text column     │
  │                                                    name (default:            │
  │                                                    auto-detect).             │
  │ --speech-model           [universal-3-pro|univers  Speech model to evaluate. │
  │                          al-2]                                               │
  │ --language-code          TEXT                      Force a language (e.g.    │
  │                                                    en_us).                   │
  │ --concurrency            INTEGER RANGE [x>=1]      How many items to         │
  │                                                    transcribe at once        │
  │                                                    (sequential by default).  │
  │                                                    [default: 1]              │
  │ --json           -j                                Output the rows and       │
  │                                                    summary as one JSON       │
  │                                                    object.                   │
  │ --help                                             Show this message and     │
  │                                                    exit.                     │
  ╰──────────────────────────────────────────────────────────────────────────────╯
  
   Examples
   Score a model on 10 rows of a benchmark
   $ assembly eval tedlium
   Compare models on your own audio
   $ assembly eval calls.csv --speech-model universal-3-pro
   More rows, transcribed four at a time
   $ assembly eval librispeech --limit 50 --concurrency 4
   Evaluate non-English audio
   $ assembly eval commonvoice --subset fr --language-code fr
  
  
  
  '''
# ---
# name: test_command_help_matches_snapshot[llm]
  '''
  
   Usage: assembly llm [OPTIONS] [PROMPT]
  
   Send a prompt to AssemblyAI's LLM Gateway and print the response.
  
   With --transcript-id the transcript's text is injected server-side, so you
   can ask questions about a past transcription (e.g. assembly llm "summarize"
   --transcript-id ID).
  
  ╭─ Arguments ──────────────────────────────────────────────────────────────────╮
  │   prompt      [PROMPT]  The prompt to send to the model.                     │
  ╰──────────────────────────────────────────────────────────────────────────────╯
  ╭─ Options ────────────────────────────────────────────────────────────────────╮
  │ --model                  TEXT                  LLM Gateway model.            │
  │                                                [default:                     │
  │                                                claude-haiku-4-5-20251001]    │
  │ --transcript-id          TEXT                  Inject this transcript's text │
  │                                                into the prompt.              │
  │ --system                 TEXT                  Optional system prompt.       │
  │ --follow         -f                            Re-run the prompt over a      │
  │                                                growing transcript piped on   │
  │                                                stdin, refreshing the answer  │
  │                                                in place on every finalized   │
  │                                                turn (e.g. assembly stream -o │
  │                                                text | assembly llm -f        │
  │                                                "summarize action items as I  │
  │                                                talk"). Ctrl-C to stop.       │
  │ --output         -o      [text|json]           Print one field of the        │
  │                                                result: text (just the        │
  │                                                answer, pipe-friendly) or     │
  │                                                json.                         │
  │ --max-tokens             INTEGER RANGE [x>=1]  Max tokens to generate.       │
  │                                                [default: 1000]               │
  │ --list-models                                  Print known models and exit.  │
  │ --json           -j                            Output raw JSON (one object   │
  │                                                per turn in --follow mode).   │
  │ --help                                         Show this message and exit.   │
  ╰──────────────────────────────────────────────────────────────────────────────╯
  
   Examples
   Ask about a past transcript
   $ assembly llm "summarize the key decisions" --transcript-id 5551234-abcd
   Pipe any text in
   $ echo "meeting notes" | assembly llm "turn into action items"
   Pick a model and add a system prompt
   $ assembly llm "draft a follow-up email" --model claude-opus-4-7 --system "Be
   concise."
   See available models
   $ assembly llm --list-models
  
  
  
  '''
# ---
# name: test_command_help_matches_snapshot[speak]
  '''
  
   Usage: assembly speak [OPTIONS] [TEXT]
  
   Synthesize speech from text with AssemblyAI streaming TTS (sandbox only).
  
   Plays the audio through your speakers by default, or writes a WAV with
   --out. Speaker-labeled input (from 'assembly transcribe
   --speaker-labels') is detected automatically: the labels are stripped
   and each speaker gets a different voice. This feature only exists in
   the sandbox today — run it as 'assembly --sandbox speak' (--sandbox
   goes before the subcommand).
  
  ╭─ Arguments ──────────────────────────────────────────────────────────────────╮
  │   text      [TEXT]  Text to speak. Omit to read from stdin.                  │
  ╰──────────────────────────────────────────────────────────────────────────────╯
  ╭─ Options ────────────────────────────────────────────────────────────────────╮
  │ --voice                TEXT                  Voice id (e.g. jane, michael,   │
  │                                              mary, paul, eve, george), or    │
  │                                              SPEAKER=VOICE for diarized      │
  │                                              input (repeatable, e.g. --voice │
  │                                              A=jane).                        │
  │ --language             TEXT                  Language of the text.           │
  │                                              [default: English]              │
  │ --sample-rate          INTEGER RANGE [x>=1]  Output sample rate in Hz        │
  │                                              (positive). Server default if   │
  │                                              omitted.                        │
  │ --out                  PATH                  Write a WAV file instead of     │
  │                                              playing through the speakers.   │
  │ --json         -j                            Emit JSON metadata about the    │
  │                                              synthesized audio.              │
  │ --help                                       Show this message and exit.     │
  ╰──────────────────────────────────────────────────────────────────────────────╯
  
   Examples
   Speak text aloud (sandbox only)
   $ assembly --sandbox speak "Hello there, friend."
   Pick a voice and language
   $ assembly --sandbox speak "Bonjour" --voice jane --language French
   Speak a diarized transcript, one voice per speaker
   $ assembly transcribe meeting.mp3 --speaker-labels | assembly --sandbox speak
   Override a speaker's voice
   $ … | assembly --sandbox speak --voice A=vera --voice B=paul
   Save to a WAV instead of playing
   $ assembly --sandbox speak "Hello" --out /tmp/hello.wav
  
  
  
  '''
# ---
# name: test_command_help_matches_snapshot[stream]
  '''
  
   Usage: assembly stream [OPTIONS] [SOURCE]
  
   Transcribe live audio in real time — from your mic, a file, a URL, or a pipe.
  
   Pass - as the source to read raw PCM16/mono/16k audio on stdin, e.g.
   ffmpeg -i input.mp4 -f s16le -ar 16000 -ac 1 - | assembly stream -.
  
   --prompt biases the speech model. --llm runs a prompt over the live transcript
   in-process, refreshing the answer on every finalized turn; for a separate step
   instead, pipe the text out with -o text | assembly llm -f "…".
  
  ╭─ Arguments ──────────────────────────────────────────────────────────────────╮
  │   source      [SOURCE]  Audio file path, URL, or YouTube/podcast page URL to │
  │                         stream. Use - for raw PCM16/mono/16k on stdin. Omit  │
  │                         to use the microphone.                               │
  ╰──────────────────────────────────────────────────────────────────────────────╯
  ╭─ Options ────────────────────────────────────────────────────────────────────╮
  │ --sample                          Stream the hosted wildfires.mp3 sample.    │
  │ --json       -j                   Emit newline-delimited JSON events.        │
  │ --output     -o      [text|json]  Output mode: text (finalized turns as      │
  │                                   plain lines, pipe-friendly) or json.       │
  │ --show-code                       Print the equivalent Python SDK code and   │
  │                                   exit (does not stream).                    │
  │ --help                            Show this message and exit.                │
  ╰──────────────────────────────────────────────────────────────────────────────╯
  ╭─ Audio Capture ──────────────────────────────────────────────────────────────╮
  │ --sample-rate              INTEGER RANGE [x>=1]  Audio rate in Hz            │
  │                                                  (positive): capture rate    │
  │                                                  for the mic, or the         │
  │                                                  declared rate of raw PCM on │
  │                                                  stdin (default: device      │
  │                                                  native / 16000).            │
  │ --device                   INTEGER               Microphone device index.    │
  │ --system-audio                                   macOS only: stream          │
  │                                                  system/app audio and        │
  │                                                  microphone as separate      │
  │                                                  sessions.                   │
  │ --system-audio-only                              macOS only: stream          │
  │                                                  system/app audio without    │
  │                                                  the microphone.             │
  ╰──────────────────────────────────────────────────────────────────────────────╯
  ╭─ Model & Language ───────────────────────────────────────────────────────────╮
  │ --speech-model              [universal-streaming-m  Streaming speech model.  │
  │                             ultilingual|universal-  [default: u3-rt-pro]     │
  │                             streaming-english|u3-r                           │
  │                             t-pro|whisper-rt|u3-pr                           │
  │                             o]                                               │
  │ --encoding                  [pcm_s16le|pcm_mulaw]   Audio encoding.          │
  │ --language-detection                                Auto-detect the spoken   │
  │                                                     language.                │
  │ --domain                    TEXT                    Domain preset (e.g.      │
  │                                                     medical).                │
  │ --prompt                    TEXT                    Prompt to bias the       │
  │                                                     speech model (supported  │
  │                                                     models only).            │
  │ --keyterms-prompt           TEXT                    Boost a key term         │
  │                                                     (repeatable).            │
  ╰──────────────────────────────────────────────────────────────────────────────╯
  ╭─ Turn Detection ─────────────────────────────────────────────────────────────╮
  │ --end-of-turn-confidence                         FLOAT RANGE   End-of-turn   │
  │                                                  [0.0<=x<=1.0  confidence    │
  │                                                  ]             (0-1).        │
  │ --min-turn-silence                               INTEGER       Min silence   │
  │                                                                to end a turn │
  │                                                                (ms).         │
  │ --max-turn-silence                               INTEGER       Max silence   │
  │                                                                before ending │
  │                                                                a turn (ms).  │
  │ --vad-threshold                                  FLOAT RANGE   Voice         │
  │                                                  [0.0<=x<=1.0  activity      │
  │                                                  ]             threshold     │
  │                                                                (0-1).        │
  │ --format-turns              --no-format-turns                  Format        │
  │                                                                (punctuate)   │
  │                                                                finalized     │
  │                                                                turns.        │
  │ --include-partial-turns                                        Emit partial  │
  │                                                                turns.        │
  ╰──────────────────────────────────────────────────────────────────────────────╯
  ╭─ Speakers & Channels ────────────────────────────────────────────────────────╮
  │ --speaker-labels                              Diarize speakers. With system  │
  │                                               audio the mic stays "You";     │
  │                                               only the system audio is split │
  │                                               into speakers.                 │
  │ --max-speakers          INTEGER RANGE [x>=1]  Max speakers.                  │
  ╰──────────────────────────────────────────────────────────────────────────────╯
  ╭─ Features ───────────────────────────────────────────────────────────────────╮
  │ --voice-focus                  [near-field|far-field  Voice focus (noise     │
  │                                ]                      suppression model).    │
  │ --voice-focus-threshold        FLOAT RANGE            Voice-focus threshold  │
  │                                [0.0<=x<=1.0]          (0-1).                 │
  │ --inactivity-timeout           INTEGER                Auto-close after N     │
  │                                                       seconds idle.          │
  ╰──────────────────────────────────────────────────────────────────────────────╯
  ╭─ Guardrails ─────────────────────────────────────────────────────────────────╮
  │ --filter-profanity               Mask profanity.                             │
  │ --redact-pii                     Redact PII from turns.                      │
  │ --redact-pii-policy        TEXT  Comma-separated PII policies.               │
  │ --redact-pii-sub           TEXT  Replace redacted PII with: hash or          │
  │                                  entity_name.                                │
  ╰──────────────────────────────────────────────────────────────────────────────╯
  ╭─ Webhooks ───────────────────────────────────────────────────────────────────╮
  │ --webhook-url                TEXT        Webhook URL.                        │
  │ --webhook-auth-header        NAME:VALUE  Webhook auth header as NAME:VALUE.  │
  ╰──────────────────────────────────────────────────────────────────────────────╯
  ╭─ LLM Transform ──────────────────────────────────────────────────────────────╮
  │ --llm                 TEXT                  Run a prompt over the live       │
  │                                             transcript through LLM Gateway,  │
  │                                             refreshing the answer on every   │
  │                                             finalized turn. Repeatable: each │
  │                                             prompt runs on the previous      │
  │                                             one's response (a chain).        │
  │ --llm-interval        FLOAT RANGE [x>=0.0]  Seconds between --llm summary    │
  │                                             refreshes (0 refreshes on every  │
  │                                             turn).                           │
  │                                             [default: 10.0]                  │
  │ --model               TEXT                  LLM Gateway model.               │
  │                                             [default:                        │
  │                                             claude-haiku-4-5-20251001]       │
  │ --max-tokens          INTEGER               Max tokens. [default: 1000]      │
  ╰──────────────────────────────────────────────────────────────────────────────╯
  ╭─ Advanced ───────────────────────────────────────────────────────────────────╮
  │ --config             KEY=VALUE  Set any StreamingParameters field as         │
  │                                 KEY=VALUE (repeatable).                      │
  │ --config-file        FILE       JSON file of streaming fields.               │
  ╰──────────────────────────────────────────────────────────────────────────────╯
  
   Examples
   Stream from your microphone
   $ assembly stream
   Stream a file or URL in real time
   $ assembly stream recording.wav
   Stream the hosted sample
   $ assembly stream --sample
   Label speakers in the live transcript
   $ assembly stream --speaker-labels
   Boost domain terms with keyterm prompts
   $ assembly stream --keyterms-prompt "AssemblyAI" --keyterms-prompt "Claude"
   Summarize action items live as you talk
   $ assembly stream --llm "summarize action items"
   Print equivalent Python instead of running
   $ assembly stream --show-code
  
  
  
  '''
# ---
# name: test_command_help_matches_snapshot[transcribe]
  '''
  
   Usage: assembly transcribe [OPTIONS] [SOURCE]
  
   Transcribe an audio file, URL, or YouTube/podcast link — or a whole batch.
  
   Quickest start: assembly transcribe call.mp3 (or --sample for the hosted
   demo).
  
   Save with --out FILE, or pipe one field with -o text. YouTube and podcast-page
   URLs (any page yt-dlp can extract) are downloaded first, then transcribed.
  
   Batch mode: pass a directory or glob (or pipe a list with --from-stdin) to
   transcribe many sources concurrently. Each source gets a .aai.json sidecar
   with the full result (including any --llm responses), and a re-run skips
   sources already transcribed — with changed --llm prompts it replays just
   the LLM step, never a second transcription.
  
   Curated flags cover common features; --config KEY=VALUE and --config-file
   reach every other field. Analysis (summary, chapters, ...) renders in human
   mode.
  
  ╭─ Arguments ──────────────────────────────────────────────────────────────────╮
  │   source      [SOURCE]  Audio file, URL, YouTube/podcast URL, or a           │
  │                         directory/glob (batch mode).                         │
  ╰──────────────────────────────────────────────────────────────────────────────╯
  ╭─ Options ────────────────────────────────────────────────────────────────────╮
  │ --sample                                             Use the hosted          │
  │                                                      wildfires.mp3 sample.   │
  │ --json               -j                              Output the full result  │
  │                                                      as JSON. Text stays the │
  │                                                      default even when       │
  │                                                      piped; opt in here      │
  │                                                      (same as -o json).      │
  │ --output             -o      [text|id|status|uttera  Print one field: text,  │
  │                              nces|srt|vtt|json]      id, status, utterances, │
  │                                                      srt or vtt (captions),  │
  │                                                      or json.                │
  │ --chars-per-caption          INTEGER RANGE [x>=1]    Max characters per      │
  │                                                      caption line (only with │
  │                                                      -o srt or -o vtt).      │
  │ --out                        FILE                    Save the result to a    │
  │                                                      file instead of         │
  │                                                      printing it (clean      │
  │                                                      text; pairs with -o).   │
  │ --show-code                                          Print the equivalent    │
  │                                                      Python SDK code and     │
  │                                                      exit (does not          │
  │                                                      transcribe).            │
  │ --help                                               Show this message and   │
  │                                                      exit.                   │
  ╰──────────────────────────────────────────────────────────────────────────────╯
  ╭─ Batch ──────────────────────────────────────────────────────────────────────╮
  │ --from-stdin                               Batch mode: read audio paths/URLs │
  │                                            from stdin, one per line          │
  │                                            (composes with find/ls/yt-dlp     │
  │                                            output).                          │
  │ --concurrency        INTEGER RANGE [x>=1]  How many sources to transcribe at │
  │                                            once in batch mode.               │
  │                                            [default: 4]                      │
  │ --force                                    Batch mode: re-transcribe sources │
  │                                            whose sidecar already records a   │
  │                                            completed run.                    │
  ╰──────────────────────────────────────────────────────────────────────────────╯
  ╭─ Model & Language ───────────────────────────────────────────────────────────╮
  │ --speech-model              [best|nano|slam-1|univ  Speech model.            │
  │                             ersal]                                           │
  │ --language-code             TEXT                    Force a language (e.g.   │
  │                                                     en_us).                  │
  │ --language-detection                                Auto-detect the spoken   │
  │                                                     language.                │
  │ --keyterms-prompt           TEXT                    Boost a key term         │
  │                                                     (repeatable).            │
  │ --temperature               FLOAT RANGE             Speech model temperature │
  │                             [0.0<=x<=1.0]           (0 most deterministic, 1 │
  │                                                     least).                  │
  │ --prompt                    TEXT                    Prompt to bias the       │
  │                                                     speech model (supported  │
  │                                                     models only).            │
  ╰──────────────────────────────────────────────────────────────────────────────╯
  ╭─ Formatting ─────────────────────────────────────────────────────────────────╮
  │ --punctuate       --no-punctuate        Add punctuation.                     │
  │ --format-text     --no-format-text      Apply text formatting (casing,       │
  │                                         numbers).                            │
  │ --disfluencies                          Keep filler words (e.g. um, uh).     │
  ╰──────────────────────────────────────────────────────────────────────────────╯
  ╭─ Speakers & Channels ────────────────────────────────────────────────────────╮
  │ --speaker-labels                                 Enable diarization.         │
  │ --speakers-expected        INTEGER RANGE [x>=1]  Hint speaker count.         │
  │ --multichannel                                   Transcribe each audio       │
  │                                                  channel separately.         │
  ╰──────────────────────────────────────────────────────────────────────────────╯
  ╭─ Guardrails ─────────────────────────────────────────────────────────────────╮
  │ --redact-pii                                            Redact PII from the  │
  │                                                         transcript.          │
  │ --redact-pii-policy                TEXT                 Comma-separated PII  │
  │                                                         policies (e.g.       │
  │                                                         person_name,...).    │
  │ --redact-pii-sub                   [hash|entity_name]   How to replace       │
  │                                                         redacted PII.        │
  │ --redact-pii-audio                                      Also redact audio.   │
  │ --filter-profanity                                      Mask profanity.      │
  │ --content-safety                                        Detect sensitive     │
  │                                                         content.             │
  │ --content-safety-confidence        INTEGER RANGE        Content-safety       │
  │                                    [25<=x<=100]         confidence threshold │
  │                                                         (25-100).            │
  │ --speech-threshold                 FLOAT RANGE          Minimum proportion   │
  │                                    [0.0<=x<=1.0]        of speech required   │
  │                                                         (0-1).               │
  ╰──────────────────────────────────────────────────────────────────────────────╯
  ╭─ Analysis ───────────────────────────────────────────────────────────────────╮
  │ --summarization                                      Summarize the           │
  │                                                      transcript.             │
  │ --summary-model             [informative|conversati  Summary model.          │
  │                             onal|catchy]                                     │
  │ --summary-type              [bullets|bullets_verbos  Summary format.         │
  │                             e|gist|headline|paragra                          │
  │                             ph]                                              │
  │ --auto-chapters                                      Generate chapters.      │
  │ --sentiment-analysis                                 Analyze sentiment.      │
  │ --entity-detection                                   Detect entities.        │
  │ --auto-highlights                                    Detect key phrases.     │
  │ --topic-detection                                    Detect IAB topics.      │
  ╰──────────────────────────────────────────────────────────────────────────────╯
  ╭─ Customization ──────────────────────────────────────────────────────────────╮
  │ --word-boost                  TEXT                  Boost a word             │
  │                                                     (repeatable).            │
  │ --custom-spelling-file        FILE                  JSON map of custom       │
  │                                                     spellings.               │
  │ --audio-start                 INTEGER RANGE [x>=0]  Start offset in ms.      │
  │ --audio-end                   INTEGER RANGE [x>=0]  End offset in ms.        │
  │ --download-sections           TEXT                  For a YouTube/podcast    │
  │                                                     URL, download only part  │
  │                                                     of the source (yt-dlp    │
  │                                                     "--download-sections"    │
  │                                                     syntax, e.g.             │
  │                                                     "*0:00-5:00" for the     │
  │                                                     first five minutes;      │
  │                                                     repeatable).             │
  ╰──────────────────────────────────────────────────────────────────────────────╯
  ╭─ Webhooks ───────────────────────────────────────────────────────────────────╮
  │ --webhook-url                TEXT        Webhook URL for completion (get a   │
  │                                          dev URL with `assembly webhooks     │
  │                                          listen`).                           │
  │ --webhook-auth-header        NAME:VALUE  Webhook auth header as NAME:VALUE.  │
  ╰──────────────────────────────────────────────────────────────────────────────╯
  ╭─ Translation ────────────────────────────────────────────────────────────────╮
  │ --translate-to        TEXT  Translate transcript to a language (repeatable). │
  ╰──────────────────────────────────────────────────────────────────────────────╯
  ╭─ Advanced ───────────────────────────────────────────────────────────────────╮
  │ --config             KEY=VALUE  Set any TranscriptionConfig field as         │
  │                                 KEY=VALUE (repeatable).                      │
  │ --config-file        FILE       JSON file of config fields.                  │
  ╰──────────────────────────────────────────────────────────────────────────────╯
  ╭─ LLM Transform ──────────────────────────────────────────────────────────────╮
  │ --llm               TEXT     Transform the finished transcript through LLM   │
  │                              Gateway. Repeatable: each prompt runs on the    │
  │                              previous one's response (a chain), the first on │
  │                              the transcript.                                 │
  │ --model             TEXT     LLM Gateway model.                              │
  │                              [default: claude-haiku-4-5-20251001]            │
  │ --max-tokens        INTEGER  Max tokens. [default: 1000]                     │
  ╰──────────────────────────────────────────────────────────────────────────────╯
  
   Examples
   Transcribe a local file
   $ assembly transcribe call.mp3
   Batch-transcribe a folder
   $ assembly transcribe ./recordings
   Batch-transcribe a glob
   $ assembly transcribe "calls/*.mp3"
   Try it with the hosted sample
   $ assembly transcribe --sample
   Transcribe a YouTube video
   $ assembly transcribe https://youtu.be/dtp6b76pMak
   Transcribe a podcast page
   $ assembly transcribe "https://podcasts.apple.com/…"
   Label who said what
   $ assembly transcribe call.mp3 --speaker-labels
   Redact PII for compliance
   $ assembly transcribe call.mp3 --redact-pii
   Summarize a recording
   $ assembly transcribe call.mp3 --summarization
   Ask about the transcript
   $ assembly transcribe call.mp3 --llm "List action items"
   Summarize a whole folder
   $ assembly transcribe ./calls --llm "Summarize this call"
  
  
  
  '''
# ---
# name: test_command_help_matches_snapshot[webhooks_listen]
  '''
  
   Usage: assembly webhooks listen [OPTIONS]
  
   Receive AssemblyAI webhooks on a public URL and watch them arrive.
  
   Opens a cloudflared quick tunnel to a local listener and prints the public
   URL to pass as --webhook-url (or webhook_url in the API). Each delivery is
   acknowledged with HTTP 200 and printed; --forward-to relays it to your app,
   so you can build webhook handlers without deploying a public endpoint.
  
   Requires cloudflared unless --no-tunnel (macOS: `brew install cloudflared`;
   other
   platforms:
   https://developers.cloudflare.com/cloudflare-one/connections/connect-networks/
   downloads/).
  
  ╭─ Options ────────────────────────────────────────────────────────────────────╮
  │ --port                INTEGER               Local listener port (the first   │
  │                                             free port from here).            │
  │                                             [default: 8989]                  │
  │ --forward-to          TEXT                  Re-POST each delivery to this    │
  │                                             URL (e.g. your local app).       │
  │ --no-tunnel                                 Local-only: skip the cloudflared │
  │                                             public URL.                      │
  │ --max-events          INTEGER RANGE [x>=0]  Exit after this many deliveries  │
  │                                             (0 = run until Ctrl-C).          │
  │                                             [default: 0]                     │
  │ --json        -j                            One NDJSON record per delivery.  │
  │ --help                                      Show this message and exit.      │
  ╰──────────────────────────────────────────────────────────────────────────────╯
  
   Examples
   Listen on a public URL
   $ assembly webhooks listen
   Deliver a transcription to it
   $ assembly transcribe call.mp3 --webhook-url https://….trycloudflare.com
   Forward deliveries to your app
   $ assembly webhooks listen --forward-to http://localhost:8000/webhook
   Local-only sink (no tunnel)
   $ assembly webhooks listen --no-tunnel
   Stop after the first delivery
   $ assembly webhooks listen --max-events 1
  
  
  
  '''
# ---
