# serializer version: 1
# name: test_command_help_matches_snapshot[sessions_get]
  '''
  
   Usage: assembly sessions get [OPTIONS] SESSION_ID
  
   Show details for one streaming session
  
  ╭─ Arguments ──────────────────────────────────────────────────────────────────╮
  │ *    session_id      TEXT  Streaming session id [required]                   │
  ╰──────────────────────────────────────────────────────────────────────────────╯
  ╭─ Options ────────────────────────────────────────────────────────────────────╮
  │ --json    -j              Output raw JSON                                    │
  │ --output  -o      FIELDS  Project fields from the JSON result                │
  │                           (comma-separated, e.g. id,status)                  │
  │ --help                    Show this message and exit.                        │
  ╰──────────────────────────────────────────────────────────────────────────────╯
  
   Examples
   Show one session's details
   $ assembly sessions get sess_5551234
   Raw JSON for one session
   $ assembly sessions get sess_5551234 --json
   Grab one field
   $ assembly sessions get sess_5551234 -o audio_duration_sec
   Drill into the latest session
   $ assembly sessions get $(assembly sessions list -o session_id | head -1)
  
  
  
  '''
# ---
# name: test_command_help_matches_snapshot[sessions_list]
  '''
  
   Usage: assembly sessions list [OPTIONS]
  
   List recent streaming sessions
  
  ╭─ Options ────────────────────────────────────────────────────────────────────╮
  │ --limit           INTEGER RANGE [x>=1]       How many sessions to show       │
  │                                              [default: 10]                   │
  │ --status          [created|completed|error]  Only show sessions with this    │
  │                                              status                          │
  │ --json    -j                                 Output raw JSON                 │
  │ --output  -o      FIELDS                     Project fields from the JSON    │
  │                                              result (comma-separated, e.g.   │
  │                                              id,status)                      │
  │ --help                                       Show this message and exit.     │
  ╰──────────────────────────────────────────────────────────────────────────────╯
  
   Examples
   List recent streaming sessions
   $ assembly sessions list
   Find failed sessions
   $ assembly sessions list --status error
   Inspect the most recent session
   $ assembly sessions get $(assembly sessions list -o session_id | head -1)
   Pull session ids and durations as columns
   $ assembly sessions list -o session_id,audio_duration_sec
  
  
  
  '''
# ---
# name: test_command_help_matches_snapshot[transcripts_get]
  '''
  
   Usage: assembly transcripts get [OPTIONS] [TRANSCRIPT_ID]
  
   Fetch a past transcript by id and print its text
  
   Omit the id to read transcript ids from stdin — one per line, or the JSON from
   `assembly transcripts list --json`. Add --llm to transform each transcript
   through
   LLM Gateway (a map), or --llm-reduce to run one prompt over them all (a
   reduce).
  
  ╭─ Arguments ──────────────────────────────────────────────────────────────────╮
  │   transcript_id      [TRANSCRIPT_ID]  Transcript id; omit to read ids from   │
  │                                       stdin                                  │
  ╰──────────────────────────────────────────────────────────────────────────────╯
  ╭─ Options ────────────────────────────────────────────────────────────────────╮
  │ --output             -o      [text|id|status|uttera  Print one field of the  │
  │                              nces|srt|vtt|json]      result                  │
  │ --chars-per-caption          INTEGER RANGE [x>=1]    Max characters per      │
  │                                                      caption line (only with │
  │                                                      -o srt or -o vtt)       │
  │ --json               -j                              Output raw JSON         │
  │ --help                                               Show this message and   │
  │                                                      exit.                   │
  ╰──────────────────────────────────────────────────────────────────────────────╯
  ╭─ LLM Transform ──────────────────────────────────────────────────────────────╮
  │ --llm               TEXT     Transform each transcript through LLM Gateway.  │
  │                              Repeatable: each prompt runs on the previous    │
  │                              one's response (a chain), the first on the      │
  │                              transcript.                                     │
  │ --llm-reduce        TEXT     Run one LLM-Gateway prompt over all fetched     │
  │                              transcripts (a reduce). Repeatable: each runs   │
  │                              on the previous one's output. For a single id   │
  │                              it extends the --llm chain over that            │
  │                              transcript.                                     │
  │ --model             TEXT     LLM Gateway model                               │
  │                              [default: claude-haiku-4-5-20251001]            │
  │ --max-tokens        INTEGER  Max tokens [default: 1000]                      │
  ╰──────────────────────────────────────────────────────────────────────────────╯
  
   Examples
   Fetch a transcript's text by id
   $ assembly transcripts get 5551234-abcd
   Speaker-labeled turns
   $ assembly transcripts get 5551234-abcd -o utterances
   Save SRT subtitles
   $ assembly transcripts get 5551234-abcd -o srt > captions.srt
   Get the raw JSON
   $ assembly transcripts get 5551234-abcd --json
   Fetch many at once from a piped list
   $ assembly transcripts list --json | assembly transcripts get -o text
   Summarize each transcript in a piped list
   $ assembly transcripts list --json | assembly transcripts get --llm "Summarize
   this call"
   Rank a piped list with one reduce prompt
   $ assembly transcripts list --json | assembly transcripts get --llm-reduce
   "Rank these worst-to-best"
  
  
  
  '''
# ---
# name: test_command_help_matches_snapshot[transcripts_list]
  '''
  
   Usage: assembly transcripts list [OPTIONS]
  
   List recent transcripts
  
  ╭─ Options ────────────────────────────────────────────────────────────────────╮
  │ --limit           INTEGER RANGE [x>=1]  How many transcripts to show         │
  │                                         [default: 10]                        │
  │ --json    -j                            Output raw JSON                      │
  │ --output  -o      FIELDS                Project fields from the JSON result  │
  │                                         (comma-separated, e.g. id,status)    │
  │ --help                                  Show this message and exit.          │
  ╰──────────────────────────────────────────────────────────────────────────────╯
  
   Examples
   List your recent transcripts
   $ assembly transcripts list
   Show more at once
   $ assembly transcripts list --limit 50
   Grab the latest transcript id
   $ assembly transcripts list -o id | head -1
   Summarize your latest transcript
   $ assembly llm "summarize" --transcript-id $(assembly transcripts list -o id |
   head -1)
  
  
  
  '''
# ---
